This File Generates Errors And Saves Them In Itself
